// Jest Snapshot v1, https://goo.gl/fbAQLP

exports[`codegen compbound 1`] = `
"const {toDisplayString: _toDisplayString, createElementVNode: _createElementVNode} = Vue
return function rendner(_ctx, _cache) {return _createElementVNode('div', null, 'hi, ' + _toDisplayString(_ctx.msg))}"
`;

exports[`codegen element 1`] = `
"const {createElementVNode: _createElementVNode} = Vue
return function rendner(_ctx, _cache) {return _createElementVNode('div', null, null)}"
`;

exports[`codegen interpolation module 1`] = `
"const {toDisplayString: _toDisplayString} = Vue
return function rendner(_ctx, _cache) {return _toDisplayString(_ctx.message)}"
`;

exports[`codegen string 1`] = `
"
return function rendner(_ctx, _cache) {return 'hello'}"
`;
